<html>
<body>
<pre>
<h1>µVision Build Log</h1>
<h2>Tool Versions:</h2>
IDE-Version: £gVision V5.14.0.0
Copyright (C) 2015 ARM Ltd and ARM Germany GmbH. All rights reserved.
License Information: ww rcx134679@gmail.com, w, LIC=----
 
Tool Versions:
Toolchain:       MDK-Lite  Version: 5.14.0.0
Toolchain Path:  C:\Keil_v5\ARM\ARMCC\Bin
C Compiler:      Armcc.exe V5.05 update 1 (build 106)
Assembler:       Armasm.exe V5.05 update 1 (build 106)
Linker/Locator:  ArmLink.exe V5.05 update 1 (build 106)
Library Manager: ArmAr.exe V5.05 update 1 (build 106)
Hex Converter:   FromElf.exe V5.05 update 1 (build 106)
CPU DLL:         SARMCM3.DLL V5.14.0.0
Dialog DLL:      DCM.DLL V1.13.1.0
Target DLL:      STLink\ST-LINKIII-KEIL_SWO.dll V2.0.14.0_KEIL
Dialog DLL:      TCM.DLL V1.14.4.0
 
<h2>Project:</h2>
D:\Project\Stm32\STM32F303VCT6\L3GD20\L3GD20.uvprojx
Project File Date:  12/26/2022

<h2>Output:</h2>
Rebuild target 'Target 1'
compiling stm32f30x_adc.c...
compiling stm32f30x_can.c...
compiling stm32f30x_comp.c...
compiling stm32f30x_crc.c...
compiling stm32f30x_dac.c...
compiling stm32f30x_dbgmcu.c...
compiling stm32f30x_dma.c...
compiling stm32f30x_exti.c...
compiling stm32f30x_flash.c...
compiling stm32f30x_fmc.c...
compiling stm32f30x_gpio.c...
compiling stm32f30x_hrtim.c...
compiling stm32f30x_i2c.c...
compiling stm32f30x_iwdg.c...
compiling stm32f30x_misc.c...
compiling stm32f30x_opamp.c...
compiling stm32f30x_pwr.c...
compiling stm32f30x_rcc.c...
compiling stm32f30x_rtc.c...
compiling stm32f30x_spi.c...
compiling stm32f30x_syscfg.c...
compiling stm32f30x_tim.c...
compiling stm32f30x_usart.c...
compiling stm32f30x_wwdg.c...
compiling main.c...
User\led.h(12): warning:  #1-D: last line of file ends without a newline
  #endif
User\usart.h(10): warning:  #1295-D: Deprecated declaration SPI_ReadByte - give arg types
  void SPI_ReadByte();
User\main.c(54): warning:  #111-D: statement is unreachable
        return 0;
User\main.c: 3 warnings, 0 errors
compiling stm32f30x_it.c...
compiling system_stm32f30x.c...
compiling led.c...
User\led.h(12): warning:  #1-D: last line of file ends without a newline
  #endif
User\led.c: 1 warning, 0 errors
compiling delay.c...
compiling usart.c...
User\usart.h(10): warning:  #1295-D: Deprecated declaration SPI_ReadByte - give arg types
  void SPI_ReadByte();
User\usart.c: 1 warning, 0 errors
compiling spi.c...
assembling startup_stm32f30x.s...
linking...
Program Size: Code=2820 RO-data=424 RW-data=48 ZI-data=1024  
FromELF: creating hex file...
".\Objects\L3GD20.axf" - 0 Error(s), 5 Warning(s).

<h2>Collection of Component include folders:</h2>
  D:\Project\Stm32\STM32F303VCT6\L3GD20\RTE
  C:\Keil_v5\ARM\PACK\Keil\STM32F3xx_DFP\2.2.2

<h2>Collection of Component Files used:</h2>
</pre>
</body>
</html>
